http://door.hackeriet.no/spaceapi.json
http://spaceapi.net/cache/Gothemburg+Hackerspace
http://www.recompile.se/spaceapi
http://spaceapi.net/cache/Vaasa+Hacklab
http://spaceapi.net/cache/Tampere+Hacklab+5w
http://cadrspace.ru/status/json
http://hackerspace.by/spaceapi
https://hackerspace.pl/spaceapi
http://hskrk-spacemon.herokuapp.com
http://vsza.hu/hacksense/spaceapi_status.json
http://pspace.dyndns.org/space.php
http://www.hackerspace.gr/spaceapi
http://edv-support.htu.tugraz.at/doorothy/bis/status.spaceapi
https://devlol.org/status/hackerspaceapi/
http://48.io/status/
https://spaceapi.net/new/space/hspce/status/json
https://chaoschemnitz.de/chch.json
http://www.hq.c3d2.de/spaceapi.json
http://api.terminal21.de/status_ebk.json
http://spaceapi.n39.eu/json
http://www.c-base.org/status.json
http://spaceapi.net/cache/E5
http://status.metameute.de/spaceapi.json
http://spaceapi.osaa.dk/status/json
http://spaceapi.geeklabs.dk/?format=json
http://hamburg.ccc.de/dooris/status.json
http://hackerspacehb.appspot.com/status
http://status.mainframe.io/api/spaceInfo
http://hackerspace-bielefeld.de/status.json
https://freieslabor.org/api/info
http://status.stratum0.org/status.json
https://cccgoe.de/spaceapi.php
http://status.bytespeicher.org/status.json
http://api.maschinenraum.tk/status.json
http://status.bckspc.de/spacestatus.php
https://fablab.fau.de/spaceapi/
http://stats.bytewerk.org/status.json
http://api.muc.ccc.de/spaceapi.json
http://api.openlab-augsburg.de/data.json
https://api.shackspace.de/v1/spaceapi
http://hackerspace-ulm.de/status.json
http://it-syndikat.org/status.php
https://status.crdmp.ch/
http://spaceapi.net/cache/MechArtLab
http://spaceapi.reaktor23.org/spaceapi
https://cccfr.de/status/spaceapi.py
http://club.entropia.de/spaceapi
http://spaceapi.net/cache/RaumZeitLabor
http://api.chaos-darmstadt.de/json
http://spaceapi.net/cache/Chaos+inKL.
http://spaceapi.hacksaar.de/status.json
http://spaceapi.syn2cat.lu/status/json
http://state.maschinendeck.org/spaceapi.json
http://hsmr.cc/spaceapi.json
http://spaceapi.hasi.it/
http://dingfabrik.de/status/spaceapi.php
https://ackspace.nl/status.php
https://chaosdorf.de/space_api.json
http://www.devtal.de/api/
http://www.space-left.org/spaceapi13.json
http://status.chaospott.de/status.json
https://www.warpzone.ms/api/spaceapi.php
http://tkkrlab.nl/statejson.php
http://hack42.nl/spacestate/json.php
http://techinc.nl/space/spacestate.json
http://frack.nl/spacestate/?api
http://revspace.nl/status/status.php
https://spaceapi.azurewebsites.net/api/Status
http://api.urlab.be/spaceapi/
http://spaceapi.net/cache/Jeanne+D%27Hack
http://spaceapi.leloop.org/status.json
http://breizh-entropy.org/spaceapi.json
http://www.dlabs.co/api.php
https://www.posttenebraslab.ch/status/status.json
https://fixme.ch/cgi-bin/spaceapi.py
http://status.lambalabs.org/public.php
http://cam.hackerspace.sg/space/
http://status.pyongyanghackerspace.org/jiwi.json
